Archive member included because of file (symbol)

/usr/lib/gcc/avr/4.5.3/avr25/libgcc.a(_mulhi3.o)
                              ./main.o (__mulhi3)
/usr/lib/gcc/avr/4.5.3/avr25/libgcc.a(_mulsi3.o)
                              ./main.o (__mulsi3)
/usr/lib/gcc/avr/4.5.3/avr25/libgcc.a(_udivmodhi4.o)
                              ./main.o (__udivmodhi4)
/usr/lib/gcc/avr/4.5.3/avr25/libgcc.a(_udivmodsi4.o)
                              ./main.o (__udivmodsi4)
/usr/lib/gcc/avr/4.5.3/avr25/libgcc.a(_exit.o)
                              /usr/lib/gcc/avr/4.5.3/../../../avr/lib/avr25/crttn85.o (exit)
/usr/lib/gcc/avr/4.5.3/avr25/libgcc.a(_copy_data.o)
                              ./usbdrv/usbdrv.o (__do_copy_data)
/usr/lib/gcc/avr/4.5.3/avr25/libgcc.a(_clear_bss.o)
                              ./usbdrv/usbdrv.o (__do_clear_bss)
/usr/lib/gcc/avr/4.5.3/../../../avr/lib/avr25/libc.a(atoi.o)
                              ./main.o (atoi)
/usr/lib/gcc/avr/4.5.3/../../../avr/lib/avr25/libc.a(strncpy.o)
                              ./main.o (strncpy)
/usr/lib/gcc/avr/4.5.3/../../../avr/lib/avr25/libc.a(mul10.o)
                              /usr/lib/gcc/avr/4.5.3/../../../avr/lib/avr25/libc.a(atoi.o) (__mulhi_const_10)
/usr/lib/gcc/avr/4.5.3/../../../avr/lib/avr25/libc.a(eerd_block_attiny85.o)
                              ./main.o (__eerd_block_tn85)
/usr/lib/gcc/avr/4.5.3/../../../avr/lib/avr25/libc.a(eerd_byte_attiny85.o)
                              ./main.o (__eerd_byte_tn85)
/usr/lib/gcc/avr/4.5.3/../../../avr/lib/avr25/libc.a(eerd_word_attiny85.o)
                              ./main.o (__eerd_word_tn85)
/usr/lib/gcc/avr/4.5.3/../../../avr/lib/avr25/libc.a(eewr_block_attiny85.o)
                              ./main.o (__eewr_block_tn85)
/usr/lib/gcc/avr/4.5.3/../../../avr/lib/avr25/libc.a(eewr_byte_attiny85.o)
                              ./main.o (__eewr_byte_tn85)
/usr/lib/gcc/avr/4.5.3/../../../avr/lib/avr25/libc.a(eewr_word_attiny85.o)
                              ./main.o (__eewr_word_tn85)

Allocating common symbols
Common symbol       size              file

fsk_tune            0x1               ./main.o
cur_buffer          0x1               ./main.o
usbTxBuf            0xb               ./usbdrv/usbdrv.o
msg_delay_end       0x4               ./main.o
timer               0x4               ./main.o
S1_active           0x1               ./main.o
write_to            0x1               ./main.o
dit_length          0x4               ./main.o
cur_mode            0x1               ./main.o
next_state          0x1               ./main.o
tx_on               0x1               ./main.o
cur_state           0x1               ./main.o
cur_glyph_p         0x2               ./main.o
msg_delay           0x1               ./main.o
usbDeviceAddr       0x1               ./usbdrv/usbdrv.o
usbRxToken          0x1               ./usbdrv/usbdrv.o
usbInputBufOffset   0x1               ./usbdrv/usbdrv.o
cur_state_end       0x4               ./main.o
dfcw_offset         0x1               ./main.o
usbMsgPtr           0x2               ./usbdrv/usbdrv.o
wpm                 0x2               ./main.o
usbRxLen            0x1               ./usbdrv/usbdrv.o
usbNewDeviceAddr    0x1               ./usbdrv/usbdrv.o
usbCurrentTok       0x1               ./usbdrv/usbdrv.o
usbConfiguration    0x1               ./usbdrv/usbdrv.o
usbRxBuf            0x16              ./usbdrv/usbdrv.o
cur_msg_p           0x2               ./main.o

Memory Configuration

Name             Origin             Length             Attributes
text             0x0000000000000000 0x0000000000002000 xr
data             0x0000000000800060 0x000000000000ffa0 rw !x
eeprom           0x0000000000810000 0x0000000000010000 rw !x
fuse             0x0000000000820000 0x0000000000000400 rw !x
lock             0x0000000000830000 0x0000000000000400 rw !x
signature        0x0000000000840000 0x0000000000000400 rw !x
*default*        0x0000000000000000 0xffffffffffffffff

Linker script and memory map

LOAD /usr/lib/gcc/avr/4.5.3/../../../avr/lib/avr25/crttn85.o
LOAD ./usbdrv/oddebug.o
LOAD ./usbdrv/usbdrv.o
LOAD ./usbdrv/usbdrvasm.o
LOAD ./main.o
LOAD /usr/lib/gcc/avr/4.5.3/avr25/libgcc.a
LOAD /usr/lib/gcc/avr/4.5.3/../../../avr/lib/avr25/libc.a
LOAD /usr/lib/gcc/avr/4.5.3/avr25/libgcc.a

.hash
 *(.hash)

.dynsym
 *(.dynsym)

.dynstr
 *(.dynstr)

.gnu.version
 *(.gnu.version)

.gnu.version_d
 *(.gnu.version_d)

.gnu.version_r
 *(.gnu.version_r)

.rel.init
 *(.rel.init)

.rela.init
 *(.rela.init)

.rel.text
 *(.rel.text)
 *(.rel.text.*)
 *(.rel.gnu.linkonce.t*)

.rela.text
 *(.rela.text)
 *(.rela.text.*)
 *(.rela.gnu.linkonce.t*)

.rel.fini
 *(.rel.fini)

.rela.fini
 *(.rela.fini)

.rel.rodata
 *(.rel.rodata)
 *(.rel.rodata.*)
 *(.rel.gnu.linkonce.r*)

.rela.rodata
 *(.rela.rodata)
 *(.rela.rodata.*)
 *(.rela.gnu.linkonce.r*)

.rel.data
 *(.rel.data)
 *(.rel.data.*)
 *(.rel.gnu.linkonce.d*)

.rela.data
 *(.rela.data)
 *(.rela.data.*)
 *(.rela.gnu.linkonce.d*)

.rel.ctors
 *(.rel.ctors)

.rela.ctors
 *(.rela.ctors)

.rel.dtors
 *(.rel.dtors)

.rela.dtors
 *(.rela.dtors)

.rel.got
 *(.rel.got)

.rela.got
 *(.rela.got)

.rel.bss
 *(.rel.bss)

.rela.bss
 *(.rela.bss)

.rel.plt
 *(.rel.plt)

.rela.plt
 *(.rela.plt)

.text           0x0000000000000000     0x1df4
 *(.vectors)
 .vectors       0x0000000000000000       0x1e /usr/lib/gcc/avr/4.5.3/../../../avr/lib/avr25/crttn85.o
                0x0000000000000000                __vectors
                0x0000000000000000                __vector_default
 *(.vectors)
 *(.progmem.gcc*)
 .progmem.gcc_sw_table
                0x000000000000001e       0x24 ./main.o
 *(.progmem*)
 .progmem.data  0x0000000000000042       0x50 ./usbdrv/usbdrv.o
                0x0000000000000042                usbDescriptorString0
                0x0000000000000046                usbDescriptorStringVendor
                0x0000000000000058                usbDescriptorStringDevice
                0x000000000000006e                usbDescriptorDevice
                0x0000000000000080                usbDescriptorConfiguration
 .progmem.data  0x0000000000000092      0x231 ./main.o
                0x0000000000000092                morsechar
                0x00000000000000ed                fontchar
                0x00000000000002c4                . = ALIGN (0x2)
 *fill*         0x00000000000002c3        0x1 00
                0x00000000000002c4                __trampolines_start = .
 *(.trampolines)
 .trampolines   0x00000000000002c4        0x0 linker stubs
 *(.trampolines*)
                0x00000000000002c4                __trampolines_end = .
 *(.jumptables)
 *(.jumptables*)
 *(.lowtext)
 *(.lowtext*)
                0x00000000000002c4                __ctors_start = .
 *(.ctors)
                0x00000000000002c4                __ctors_end = .
                0x00000000000002c4                __dtors_start = .
 *(.dtors)
                0x00000000000002c4                __dtors_end = .
 SORT(*)(.ctors)
 SORT(*)(.dtors)
 *(.init0)
 .init0         0x00000000000002c4        0x0 /usr/lib/gcc/avr/4.5.3/../../../avr/lib/avr25/crttn85.o
                0x00000000000002c4                __init
 *(.init0)
 *(.init1)
 *(.init1)
 *(.init2)
 .init2         0x00000000000002c4        0xc /usr/lib/gcc/avr/4.5.3/../../../avr/lib/avr25/crttn85.o
 *(.init2)
 *(.init3)
 *(.init3)
 *(.init4)
 .init4         0x00000000000002d0       0x16 /usr/lib/gcc/avr/4.5.3/avr25/libgcc.a(_copy_data.o)
                0x00000000000002d0                __do_copy_data
 .init4         0x00000000000002e6       0x10 /usr/lib/gcc/avr/4.5.3/avr25/libgcc.a(_clear_bss.o)
                0x00000000000002e6                __do_clear_bss
 *(.init4)
 *(.init5)
 *(.init5)
 *(.init6)
 *(.init6)
 *(.init7)
 *(.init7)
 *(.init8)
 *(.init8)
 *(.init9)
 .init9         0x00000000000002f6        0x4 /usr/lib/gcc/avr/4.5.3/../../../avr/lib/avr25/crttn85.o
 *(.init9)
 *(.text)
 .text          0x00000000000002fa        0x2 /usr/lib/gcc/avr/4.5.3/../../../avr/lib/avr25/crttn85.o
                0x00000000000002fa                __vector_12
                0x00000000000002fa                __bad_interrupt
                0x00000000000002fa                __vector_6
                0x00000000000002fa                __vector_3
                0x00000000000002fa                __vector_11
                0x00000000000002fa                __vector_13
                0x00000000000002fa                __vector_7
                0x00000000000002fa                __vector_5
                0x00000000000002fa                __vector_4
                0x00000000000002fa                __vector_9
                0x00000000000002fa                __vector_2
                0x00000000000002fa                __vector_8
                0x00000000000002fa                __vector_14
 .text          0x00000000000002fc        0x0 ./usbdrv/oddebug.o
 .text          0x00000000000002fc      0x230 ./usbdrv/usbdrv.o
                0x00000000000002fc                usbPoll
                0x000000000000051e                usbInit
 .text          0x000000000000052c      0x2fa ./usbdrv/usbdrvasm.o
                0x000000000000052c                usbCrc16
                0x0000000000000556                usbCrc16Append
                0x000000000000055e                usbMeasureFrameLength
                0x0000000000000584                __vector_1
 .text          0x0000000000000826     0x142e ./main.o
                0x0000000000000826                usbFunctionWrite
                0x00000000000008e0                usbEventResetReady
                0x000000000000096a                set_wpm
                0x000000000000098a                get_msg_delay
                0x00000000000009a4                init_tx
                0x0000000000000ac6                usbFunctionSetup
                0x0000000000000dba                debounce
                0x0000000000000e28                __vector_10
                0x0000000000000e94                main
 .text          0x0000000000001c54        0x0 /usr/lib/gcc/avr/4.5.3/avr25/libgcc.a(_mulhi3.o)
 .text          0x0000000000001c54        0x0 /usr/lib/gcc/avr/4.5.3/avr25/libgcc.a(_mulsi3.o)
 .text          0x0000000000001c54        0x0 /usr/lib/gcc/avr/4.5.3/avr25/libgcc.a(_udivmodhi4.o)
 .text          0x0000000000001c54        0x0 /usr/lib/gcc/avr/4.5.3/avr25/libgcc.a(_udivmodsi4.o)
 .text          0x0000000000001c54        0x0 /usr/lib/gcc/avr/4.5.3/avr25/libgcc.a(_exit.o)
 .text          0x0000000000001c54        0x0 /usr/lib/gcc/avr/4.5.3/avr25/libgcc.a(_copy_data.o)
 .text          0x0000000000001c54        0x0 /usr/lib/gcc/avr/4.5.3/avr25/libgcc.a(_clear_bss.o)
 .text          0x0000000000001c54        0x0 /usr/lib/gcc/avr/4.5.3/../../../avr/lib/avr25/libc.a(atoi.o)
 .text          0x0000000000001c54        0x0 /usr/lib/gcc/avr/4.5.3/../../../avr/lib/avr25/libc.a(strncpy.o)
 .text          0x0000000000001c54        0x0 /usr/lib/gcc/avr/4.5.3/../../../avr/lib/avr25/libc.a(mul10.o)
 .text          0x0000000000001c54        0x0 /usr/lib/gcc/avr/4.5.3/../../../avr/lib/avr25/libc.a(eerd_block_attiny85.o)
 .text          0x0000000000001c54        0x0 /usr/lib/gcc/avr/4.5.3/../../../avr/lib/avr25/libc.a(eerd_byte_attiny85.o)
 .text          0x0000000000001c54        0x0 /usr/lib/gcc/avr/4.5.3/../../../avr/lib/avr25/libc.a(eerd_word_attiny85.o)
 .text          0x0000000000001c54        0x0 /usr/lib/gcc/avr/4.5.3/../../../avr/lib/avr25/libc.a(eewr_block_attiny85.o)
 .text          0x0000000000001c54        0x0 /usr/lib/gcc/avr/4.5.3/../../../avr/lib/avr25/libc.a(eewr_byte_attiny85.o)
 .text          0x0000000000001c54        0x0 /usr/lib/gcc/avr/4.5.3/../../../avr/lib/avr25/libc.a(eewr_word_attiny85.o)
                0x0000000000001c54                . = ALIGN (0x2)
 *(.text.*)
 .text.libgcc   0x0000000000001c54       0x24 /usr/lib/gcc/avr/4.5.3/avr25/libgcc.a(_mulhi3.o)
                0x0000000000001c54                __mulhi3
 .text.libgcc   0x0000000000001c78       0x32 /usr/lib/gcc/avr/4.5.3/avr25/libgcc.a(_mulsi3.o)
                0x0000000000001c78                __mulsi3
 .text.libgcc   0x0000000000001caa       0x28 /usr/lib/gcc/avr/4.5.3/avr25/libgcc.a(_udivmodhi4.o)
                0x0000000000001caa                __udivmodhi4
 .text.libgcc   0x0000000000001cd2       0x44 /usr/lib/gcc/avr/4.5.3/avr25/libgcc.a(_udivmodsi4.o)
                0x0000000000001cd2                __udivmodsi4
 .text.libgcc   0x0000000000001d16        0x0 /usr/lib/gcc/avr/4.5.3/avr25/libgcc.a(_exit.o)
 .text.libgcc   0x0000000000001d16        0x0 /usr/lib/gcc/avr/4.5.3/avr25/libgcc.a(_copy_data.o)
 .text.libgcc   0x0000000000001d16        0x0 /usr/lib/gcc/avr/4.5.3/avr25/libgcc.a(_clear_bss.o)
 .text.avr-libc
                0x0000000000001d16       0x3a /usr/lib/gcc/avr/4.5.3/../../../avr/lib/avr25/libc.a(atoi.o)
                0x0000000000001d16                atoi
 .text.avr-libc
                0x0000000000001d50       0x1e /usr/lib/gcc/avr/4.5.3/../../../avr/lib/avr25/libc.a(strncpy.o)
                0x0000000000001d50                strncpy
 .text.avr-libc
                0x0000000000001d6e       0x14 /usr/lib/gcc/avr/4.5.3/../../../avr/lib/avr25/libc.a(mul10.o)
                0x0000000000001d6e                __mulhi_const_10
 .text.avr-libc
                0x0000000000001d82       0x20 /usr/lib/gcc/avr/4.5.3/../../../avr/lib/avr25/libc.a(eerd_block_attiny85.o)
                0x0000000000001d82                __eerd_block_tn85
                0x0000000000001d86                __eerd_blraw_tn85
 .text.avr-libc
                0x0000000000001da2       0x10 /usr/lib/gcc/avr/4.5.3/../../../avr/lib/avr25/libc.a(eerd_byte_attiny85.o)
                0x0000000000001da2                __eerd_byte_tn85
 .text.avr-libc
                0x0000000000001db2        0xa /usr/lib/gcc/avr/4.5.3/../../../avr/lib/avr25/libc.a(eerd_word_attiny85.o)
                0x0000000000001db2                __eerd_word_tn85
 .text.avr-libc
                0x0000000000001dbc       0x12 /usr/lib/gcc/avr/4.5.3/../../../avr/lib/avr25/libc.a(eewr_block_attiny85.o)
                0x0000000000001dbc                __eewr_block_tn85
 .text.avr-libc
                0x0000000000001dce       0x1c /usr/lib/gcc/avr/4.5.3/../../../avr/lib/avr25/libc.a(eewr_byte_attiny85.o)
                0x0000000000001dce                __eewr_byte_tn85
                0x0000000000001dd0                __eewr_r18_tn85
 .text.avr-libc
                0x0000000000001dea        0x6 /usr/lib/gcc/avr/4.5.3/../../../avr/lib/avr25/libc.a(eewr_word_attiny85.o)
                0x0000000000001dea                __eewr_word_tn85
                0x0000000000001df0                . = ALIGN (0x2)
 *(.fini9)
 .fini9         0x0000000000001df0        0x0 /usr/lib/gcc/avr/4.5.3/avr25/libgcc.a(_exit.o)
                0x0000000000001df0                exit
                0x0000000000001df0                _exit
 *(.fini9)
 *(.fini8)
 *(.fini8)
 *(.fini7)
 *(.fini7)
 *(.fini6)
 *(.fini6)
 *(.fini5)
 *(.fini5)
 *(.fini4)
 *(.fini4)
 *(.fini3)
 *(.fini3)
 *(.fini2)
 *(.fini2)
 *(.fini1)
 *(.fini1)
 *(.fini0)
 .fini0         0x0000000000001df0        0x4 /usr/lib/gcc/avr/4.5.3/avr25/libgcc.a(_exit.o)
 *(.fini0)
                0x0000000000001df4                _etext = .

.data           0x0000000000800060       0x24 load address 0x0000000000001df4
                0x0000000000800060                PROVIDE (__data_start, .)
 *(.data)
 .data          0x0000000000800060        0x0 /usr/lib/gcc/avr/4.5.3/../../../avr/lib/avr25/crttn85.o
 .data          0x0000000000800060        0x0 ./usbdrv/oddebug.o
 .data          0x0000000000800060        0x2 ./usbdrv/usbdrv.o
                0x0000000000800060                usbTxLen
 .data          0x0000000000800062        0x0 ./usbdrv/usbdrvasm.o
 .data          0x0000000000800062       0x21 ./main.o
                0x0000000000800062                dit_speed
                0x000000000080007c                hell_tune
 .data          0x0000000000800083        0x0 /usr/lib/gcc/avr/4.5.3/avr25/libgcc.a(_mulhi3.o)
 .data          0x0000000000800083        0x0 /usr/lib/gcc/avr/4.5.3/avr25/libgcc.a(_mulsi3.o)
 .data          0x0000000000800083        0x0 /usr/lib/gcc/avr/4.5.3/avr25/libgcc.a(_udivmodhi4.o)
 .data          0x0000000000800083        0x0 /usr/lib/gcc/avr/4.5.3/avr25/libgcc.a(_udivmodsi4.o)
 .data          0x0000000000800083        0x0 /usr/lib/gcc/avr/4.5.3/avr25/libgcc.a(_exit.o)
 .data          0x0000000000800083        0x0 /usr/lib/gcc/avr/4.5.3/avr25/libgcc.a(_copy_data.o)
 .data          0x0000000000800083        0x0 /usr/lib/gcc/avr/4.5.3/avr25/libgcc.a(_clear_bss.o)
 .data          0x0000000000800083        0x0 /usr/lib/gcc/avr/4.5.3/../../../avr/lib/avr25/libc.a(atoi.o)
 .data          0x0000000000800083        0x0 /usr/lib/gcc/avr/4.5.3/../../../avr/lib/avr25/libc.a(strncpy.o)
 .data          0x0000000000800083        0x0 /usr/lib/gcc/avr/4.5.3/../../../avr/lib/avr25/libc.a(mul10.o)
 .data          0x0000000000800083        0x0 /usr/lib/gcc/avr/4.5.3/../../../avr/lib/avr25/libc.a(eerd_block_attiny85.o)
 .data          0x0000000000800083        0x0 /usr/lib/gcc/avr/4.5.3/../../../avr/lib/avr25/libc.a(eerd_byte_attiny85.o)
 .data          0x0000000000800083        0x0 /usr/lib/gcc/avr/4.5.3/../../../avr/lib/avr25/libc.a(eerd_word_attiny85.o)
 .data          0x0000000000800083        0x0 /usr/lib/gcc/avr/4.5.3/../../../avr/lib/avr25/libc.a(eewr_block_attiny85.o)
 .data          0x0000000000800083        0x0 /usr/lib/gcc/avr/4.5.3/../../../avr/lib/avr25/libc.a(eewr_byte_attiny85.o)
 .data          0x0000000000800083        0x0 /usr/lib/gcc/avr/4.5.3/../../../avr/lib/avr25/libc.a(eewr_word_attiny85.o)
 *(.data*)
 *(.rodata)
 *(.rodata*)
 *(.gnu.linkonce.d*)
                0x0000000000800084                . = ALIGN (0x2)
 *fill*         0x0000000000800083        0x1 00
                0x0000000000800084                _edata = .
                0x0000000000800084                PROVIDE (__data_end, .)

.bss            0x0000000000800084      0x1a4
                0x0000000000800084                PROVIDE (__bss_start, .)
 *(.bss)
 .bss           0x0000000000800084        0x0 /usr/lib/gcc/avr/4.5.3/../../../avr/lib/avr25/crttn85.o
 .bss           0x0000000000800084        0x0 ./usbdrv/oddebug.o
 .bss           0x0000000000800084        0x2 ./usbdrv/usbdrv.o
 .bss           0x0000000000800086        0x0 ./usbdrv/usbdrvasm.o
 .bss           0x0000000000800086      0x158 ./main.o
                0x0000000000800086                cur_timer
                0x000000000080008a                cur_character
                0x000000000080008b                cur_hell_char
                0x000000000080008c                cur_hell_col
                0x000000000080008d                cur_hell_row
 .bss           0x00000000008001de        0x0 /usr/lib/gcc/avr/4.5.3/avr25/libgcc.a(_mulhi3.o)
 .bss           0x00000000008001de        0x0 /usr/lib/gcc/avr/4.5.3/avr25/libgcc.a(_mulsi3.o)
 .bss           0x00000000008001de        0x0 /usr/lib/gcc/avr/4.5.3/avr25/libgcc.a(_udivmodhi4.o)
 .bss           0x00000000008001de        0x0 /usr/lib/gcc/avr/4.5.3/avr25/libgcc.a(_udivmodsi4.o)
 .bss           0x00000000008001de        0x0 /usr/lib/gcc/avr/4.5.3/avr25/libgcc.a(_exit.o)
 .bss           0x00000000008001de        0x0 /usr/lib/gcc/avr/4.5.3/avr25/libgcc.a(_copy_data.o)
 .bss           0x00000000008001de        0x0 /usr/lib/gcc/avr/4.5.3/avr25/libgcc.a(_clear_bss.o)
 .bss           0x00000000008001de        0x0 /usr/lib/gcc/avr/4.5.3/../../../avr/lib/avr25/libc.a(atoi.o)
 .bss           0x00000000008001de        0x0 /usr/lib/gcc/avr/4.5.3/../../../avr/lib/avr25/libc.a(strncpy.o)
 .bss           0x00000000008001de        0x0 /usr/lib/gcc/avr/4.5.3/../../../avr/lib/avr25/libc.a(mul10.o)
 .bss           0x00000000008001de        0x0 /usr/lib/gcc/avr/4.5.3/../../../avr/lib/avr25/libc.a(eerd_block_attiny85.o)
 .bss           0x00000000008001de        0x0 /usr/lib/gcc/avr/4.5.3/../../../avr/lib/avr25/libc.a(eerd_byte_attiny85.o)
 .bss           0x00000000008001de        0x0 /usr/lib/gcc/avr/4.5.3/../../../avr/lib/avr25/libc.a(eerd_word_attiny85.o)
 .bss           0x00000000008001de        0x0 /usr/lib/gcc/avr/4.5.3/../../../avr/lib/avr25/libc.a(eewr_block_attiny85.o)
 .bss           0x00000000008001de        0x0 /usr/lib/gcc/avr/4.5.3/../../../avr/lib/avr25/libc.a(eewr_byte_attiny85.o)
 .bss           0x00000000008001de        0x0 /usr/lib/gcc/avr/4.5.3/../../../avr/lib/avr25/libc.a(eewr_word_attiny85.o)
 *(.bss*)
 *(COMMON)
 COMMON         0x00000000008001de       0x2a ./usbdrv/usbdrv.o
                0x00000000008001de                usbTxBuf
                0x00000000008001e9                usbDeviceAddr
                0x00000000008001ea                usbRxToken
                0x00000000008001eb                usbInputBufOffset
                0x00000000008001ec                usbMsgPtr
                0x00000000008001ee                usbRxLen
                0x00000000008001ef                usbNewDeviceAddr
                0x00000000008001f0                usbCurrentTok
                0x00000000008001f1                usbConfiguration
                0x00000000008001f2                usbRxBuf
 COMMON         0x0000000000800208       0x20 ./main.o
                0x0000000000800208                fsk_tune
                0x0000000000800209                cur_buffer
                0x000000000080020a                msg_delay_end
                0x000000000080020e                timer
                0x0000000000800212                S1_active
                0x0000000000800213                write_to
                0x0000000000800214                dit_length
                0x0000000000800218                cur_mode
                0x0000000000800219                next_state
                0x000000000080021a                tx_on
                0x000000000080021b                cur_state
                0x000000000080021c                cur_glyph_p
                0x000000000080021e                msg_delay
                0x000000000080021f                cur_state_end
                0x0000000000800223                dfcw_offset
                0x0000000000800224                wpm
                0x0000000000800226                cur_msg_p
                0x0000000000800228                PROVIDE (__bss_end, .)
                0x0000000000001df4                __data_load_start = LOADADDR (.data)
                0x0000000000001e18                __data_load_end = (__data_load_start + SIZEOF (.data))

.noinit         0x0000000000800228        0x0
                0x0000000000800228                PROVIDE (__noinit_start, .)
 *(.noinit*)
                0x0000000000800228                PROVIDE (__noinit_end, .)
                0x0000000000800228                _end = .
                0x0000000000800228                PROVIDE (__heap_start, .)

.eeprom         0x0000000000810000      0x158
 *(.eeprom*)
 .eeprom        0x0000000000810000      0x158 ./main.o
                0x0000000000810000                ee_mode
                0x0000000000810001                ee_wpm
                0x0000000000810003                ee_msg_delay
                0x0000000000810004                ee_dfcw_offset
                0x0000000000810005                ee_msg_mem_1
                0x000000000081002e                ee_msg_mem_2
                0x0000000000810057                ee_wspr_symbols
                0x00000000008100fa                ee_buffer
                0x00000000008100fb                ee_glyph_1
                0x0000000000810112                ee_glyph_2
                0x0000000000810129                ee_glyph_3
                0x0000000000810140                ee_glyph_4
                0x0000000000810157                ee_osc
                0x0000000000810158                __eeprom_end = .

.fuse
 *(.fuse)
 *(.lfuse)
 *(.hfuse)
 *(.efuse)

.lock
 *(.lock*)

.signature
 *(.signature*)

.stab           0x0000000000000000      0xd74
 *(.stab)
 .stab          0x0000000000000000      0x6cc /usr/lib/gcc/avr/4.5.3/../../../avr/lib/avr25/crttn85.o
 .stab          0x00000000000006cc      0x174 /usr/lib/gcc/avr/4.5.3/../../../avr/lib/avr25/libc.a(atoi.o)
                                        0x180 (size before relaxing)
 .stab          0x0000000000000840       0xcc /usr/lib/gcc/avr/4.5.3/../../../avr/lib/avr25/libc.a(strncpy.o)
                                         0xd8 (size before relaxing)
 .stab          0x000000000000090c       0x90 /usr/lib/gcc/avr/4.5.3/../../../avr/lib/avr25/libc.a(mul10.o)
                                         0x9c (size before relaxing)
 .stab          0x000000000000099c      0x108 /usr/lib/gcc/avr/4.5.3/../../../avr/lib/avr25/libc.a(eerd_block_attiny85.o)
                                        0x114 (size before relaxing)
 .stab          0x0000000000000aa4       0x90 /usr/lib/gcc/avr/4.5.3/../../../avr/lib/avr25/libc.a(eerd_byte_attiny85.o)
                                         0x9c (size before relaxing)
 .stab          0x0000000000000b34       0x6c /usr/lib/gcc/avr/4.5.3/../../../avr/lib/avr25/libc.a(eerd_word_attiny85.o)
                                         0x78 (size before relaxing)
 .stab          0x0000000000000ba0       0x9c /usr/lib/gcc/avr/4.5.3/../../../avr/lib/avr25/libc.a(eewr_block_attiny85.o)
                                         0xa8 (size before relaxing)
 .stab          0x0000000000000c3c       0xe4 /usr/lib/gcc/avr/4.5.3/../../../avr/lib/avr25/libc.a(eewr_byte_attiny85.o)
                                         0xf0 (size before relaxing)
 .stab          0x0000000000000d20       0x54 /usr/lib/gcc/avr/4.5.3/../../../avr/lib/avr25/libc.a(eewr_word_attiny85.o)
                                         0x60 (size before relaxing)

.stabstr        0x0000000000000000      0x1f6
 *(.stabstr)
 .stabstr       0x0000000000000000      0x1f6 /usr/lib/gcc/avr/4.5.3/../../../avr/lib/avr25/crttn85.o

.stab.excl
 *(.stab.excl)

.stab.exclstr
 *(.stab.exclstr)

.stab.index
 *(.stab.index)

.stab.indexstr
 *(.stab.indexstr)

.comment
 *(.comment)

.debug
 *(.debug)

.line
 *(.line)

.debug_srcinfo
 *(.debug_srcinfo)

.debug_sfnames
 *(.debug_sfnames)

.debug_aranges
 *(.debug_aranges)

.debug_pubnames
 *(.debug_pubnames)

.debug_info
 *(.debug_info)
 *(.gnu.linkonce.wi.*)

.debug_abbrev
 *(.debug_abbrev)

.debug_line
 *(.debug_line)

.debug_frame
 *(.debug_frame)

.debug_str
 *(.debug_str)

.debug_loc
 *(.debug_loc)

.debug_macinfo
 *(.debug_macinfo)
OUTPUT(OpenBeacon.elf elf32-avr)
LOAD linker stubs
